******************************************************************************
                  TI ARM Linker PC v15.12.7                    
******************************************************************************
>> Linked Fri Feb 16 18:49:03 2018

OUTPUT FILE NAME:   <blink_TM4C_CCS.out>
ENTRY POINT SYMBOL: "_c_int00"  address: 0000070d


MEMORY CONFIGURATION

         name            origin    length      used     unused   attr    fill
----------------------  --------  ---------  --------  --------  ----  --------
  FLASH                 00000000   00040000  00000902  0003f6fe  R  X
  SRAM                  20000000   00008000  0000021a  00007de6  RW X


SEGMENT ALLOCATION MAP

run origin  load origin   length   init length attrs members
----------  ----------- ---------- ----------- ----- -------
00000000    00000000    00000908   00000908    r-x
  00000000    00000000    0000026c   0000026c    r-- .intvecs
  0000026c    0000026c    0000066e   0000066e    r-x .text
  000008e0    000008e0    00000028   00000028    r-- .cinit
20000000    20000000    0000021a   00000000    rw-
  20000000    20000000    00000200   00000000    rw- .stack
  20000200    20000200    0000001a   00000000    rw- .data


SECTION ALLOCATION MAP

 output                                  attributes/
section   page    origin      length       input sections
--------  ----  ----------  ----------   ----------------
.intvecs   0    00000000    0000026c     
                  00000000    0000026c     tm4c123gh6pm_startup_ccs.obj (.intvecs)

.text      0    0000026c    0000066e     
                  0000026c    00000130     driverlib.lib : gpio.obj (.text:GPIOPadConfigSet)
                  0000039c    000000f0                   : sysctl.obj (.text:SysCtlClockSet)
                  0000048c    0000009c     rtsv7M4_T_le_v4SPD16_eabi.lib : memcpy_t2.obj (.text)
                  00000528    0000008c     main.obj (.text)
                  000005b4    0000007a     rtsv7M4_T_le_v4SPD16_eabi.lib : memset_t2.obj (.text)
                  0000062e    00000002                                   : mpu_init.obj (.text)
                  00000630    00000070                                   : autoinit.obj (.text)
                  000006a0    0000006a                                   : copy_decompress_rle.obj (.text)
                  0000070a    00000002                                   : startup.obj (.text)
                  0000070c    00000054                                   : boot.obj (.text)
                  00000760    00000054                                   : exit.obj (.text)
                  000007b4    0000004c                                   : cpy_tbl.obj (.text)
                  00000800    00000034     driverlib.lib : sysctl.obj (.text:SysCtlPeripheralEnable)
                  00000834    0000002a                   : gpio.obj (.text:GPIODirModeSet)
                  0000085e    00000018                   : gpio.obj (.text:GPIOPinTypeGPIOOutput)
                  00000876    00000002     --HOLE-- [fill = 0]
                  00000878    00000018     rtsv7M4_T_le_v4SPD16_eabi.lib : args_main.obj (.text)
                  00000890    00000014                                   : _lock.obj (.text)
                  000008a4    0000000e                                   : copy_decompress_none.obj (.text:decompress:none)
                  000008b2    0000000c     tm4c123gh6pm_startup_ccs.obj (.text)
                  000008be    00000006     driverlib.lib : gpio.obj (.text:GPIOPinRead)
                  000008c4    00000006                   : gpio.obj (.text:GPIOPinWrite)
                  000008ca    00000006                   : sysctl.obj (.text:SysCtlDelay)
                  000008d0    00000006     rtsv7M4_T_le_v4SPD16_eabi.lib : copy_decompress_rle.obj (.text:decompress:rle24)
                  000008d6    00000004                                   : pre_init.obj (.text)

.cinit     0    000008e0    00000028     
                  000008e0    00000016     (.cinit..data.load) [load image, compression = rle]
                  000008f6    00000002     --HOLE-- [fill = 0]
                  000008f8    00000008     (__TI_handler_table)
                  00000900    00000008     (__TI_cinit_table)

.init_array 
*          0    00000000    00000000     UNINITIALIZED

.stack     0    20000000    00000200     UNINITIALIZED
                  20000000    00000200     --HOLE--

.data      0    20000200    0000001a     UNINITIALIZED
                  20000200    0000000c     rtsv7M4_T_le_v4SPD16_eabi.lib : exit.obj (.data:$O1$$)
                  2000020c    00000008                                   : _lock.obj (.data:$O1$$)
                  20000214    00000004                                   : stkdepth_vars.obj (.data)
                  20000218    00000002     main.obj (.data)

MODULE SUMMARY

       Module                         code   ro data   rw data
       ------                         ----   -------   -------
    .\
       tm4c123gh6pm_startup_ccs.obj   12     620       0      
       main.obj                       140    0         2      
    +--+------------------------------+------+---------+---------+
       Total:                         152    620       2      
                                                              
    C:/TI/tirtos_tivac_2_16_01_14/products/TivaWare_C_Series-2.1.1.71b/driverlib/ccs/Debug/driverlib.lib
       gpio.obj                       382    0         0      
       sysctl.obj                     298    0         0      
    +--+------------------------------+------+---------+---------+
       Total:                         680    0         0      
                                                              
    C:\TI\ccsv6\tools\compiler\ti-cgt-arm_15.12.7.LTS\lib\rtsv7M4_T_le_v4SPD16_eabi.lib
       memcpy_t2.obj                  156    0         0      
       memset_t2.obj                  122    0         0      
       autoinit.obj                   112    0         0      
       copy_decompress_rle.obj        112    0         0      
       exit.obj                       84     0         12     
       boot.obj                       84     0         0      
       cpy_tbl.obj                    76     0         0      
       _lock.obj                      20     0         8      
       args_main.obj                  24     0         0      
       copy_decompress_none.obj       14     0         0      
       pre_init.obj                   4      0         0      
       stkdepth_vars.obj              0      0         4      
       mpu_init.obj                   2      0         0      
       startup.obj                    2      0         0      
    +--+------------------------------+------+---------+---------+
       Total:                         812    0         24     
                                                              
       Stack:                         0      0         512    
       Linker Generated:              0      38        0      
    +--+------------------------------+------+---------+---------+
       Grand Total:                   1644   658       538    


LINKER GENERATED COPY TABLES

__TI_cinit_table @ 00000900 records: 1, size/record: 8, table size: 8
	.data: load addr=000008e0, load size=00000016 bytes, run addr=20000200, run size=0000001a bytes, compression=rle


LINKER GENERATED HANDLER TABLE

__TI_handler_table @ 000008f8 records: 2, size/record: 4, table size: 8
	index: 0, handler: __TI_decompress_rle24
	index: 1, handler: __TI_decompress_none


GLOBAL SYMBOLS: SORTED ALPHABETICALLY BY Name 

address   name                           
-------   ----                           
00000761  C$$EXIT                        
00000835  GPIODirModeSet                 
0000026d  GPIOPadConfigSet               
000008bf  GPIOPinRead                    
0000085f  GPIOPinTypeGPIOOutput          
000008c5  GPIOPinWrite                   
000008b3  ResetISR                       
UNDEFED   SHT$$INIT_ARRAY$$Base          
UNDEFED   SHT$$INIT_ARRAY$$Limit         
0000039d  SysCtlClockSet                 
000008cb  SysCtlDelay                    
00000801  SysCtlPeripheralEnable         
20000200  __STACK_END                    
00000200  __STACK_SIZE                   
20000200  __STACK_TOP                    
00000900  __TI_CINIT_Base                
00000908  __TI_CINIT_Limit               
000008f8  __TI_Handler_Table_Base        
00000900  __TI_Handler_Table_Limit       
00000631  __TI_auto_init                 
20000200  __TI_cleanup_ptr               
000008a5  __TI_decompress_none           
000008d1  __TI_decompress_rle24          
20000204  __TI_dtors_ptr                 
20000208  __TI_enable_exit_profile_output
ffffffff  __TI_pprof_out_hndl            
ffffffff  __TI_prof_data_size            
ffffffff  __TI_prof_data_start           
00000000  __TI_static_base__             
000005b5  __aeabi_memclr                 
000005b5  __aeabi_memclr4                
000005b5  __aeabi_memclr8                
0000048d  __aeabi_memcpy                 
0000048d  __aeabi_memcpy4                
0000048d  __aeabi_memcpy8                
000005b7  __aeabi_memset                 
000005b7  __aeabi_memset4                
000005b7  __aeabi_memset8                
ffffffff  __binit__                      
ffffffff  __c_args__                     
0000062f  __mpu_init                     
20000000  __stack                        
00000879  _args_main                     
0000070d  _c_int00                       
2000020c  _lock                          
0000089f  _nop                           
00000897  _register_lock                 
00000891  _register_unlock               
0000070b  _system_post_cinit             
000008d7  _system_pre_init               
20000210  _unlock                        
00000765  abort                          
ffffffff  binit                          
000007b5  copy_in                        
00000595  delay                          
0000076d  exit                           
00000000  g_pfnVectors                   
0000054f  hardware_init                  
20000218  i16ToggleCount                 
00000571  ledToggle                      
00000529  main                           
20000214  main_func_sp                   
0000048d  memcpy                         
000005bd  memset                         


GLOBAL SYMBOLS: SORTED BY Symbol Address 

address   name                           
-------   ----                           
00000000  __TI_static_base__             
00000000  g_pfnVectors                   
00000200  __STACK_SIZE                   
0000026d  GPIOPadConfigSet               
0000039d  SysCtlClockSet                 
0000048d  __aeabi_memcpy                 
0000048d  __aeabi_memcpy4                
0000048d  __aeabi_memcpy8                
0000048d  memcpy                         
00000529  main                           
0000054f  hardware_init                  
00000571  ledToggle                      
00000595  delay                          
000005b5  __aeabi_memclr                 
000005b5  __aeabi_memclr4                
000005b5  __aeabi_memclr8                
000005b7  __aeabi_memset                 
000005b7  __aeabi_memset4                
000005b7  __aeabi_memset8                
000005bd  memset                         
0000062f  __mpu_init                     
00000631  __TI_auto_init                 
0000070b  _system_post_cinit             
0000070d  _c_int00                       
00000761  C$$EXIT                        
00000765  abort                          
0000076d  exit                           
000007b5  copy_in                        
00000801  SysCtlPeripheralEnable         
00000835  GPIODirModeSet                 
0000085f  GPIOPinTypeGPIOOutput          
00000879  _args_main                     
00000891  _register_unlock               
00000897  _register_lock                 
0000089f  _nop                           
000008a5  __TI_decompress_none           
000008b3  ResetISR                       
000008bf  GPIOPinRead                    
000008c5  GPIOPinWrite                   
000008cb  SysCtlDelay                    
000008d1  __TI_decompress_rle24          
000008d7  _system_pre_init               
000008f8  __TI_Handler_Table_Base        
00000900  __TI_CINIT_Base                
00000900  __TI_Handler_Table_Limit       
00000908  __TI_CINIT_Limit               
20000000  __stack                        
20000200  __STACK_END                    
20000200  __STACK_TOP                    
20000200  __TI_cleanup_ptr               
20000204  __TI_dtors_ptr                 
20000208  __TI_enable_exit_profile_output
2000020c  _lock                          
20000210  _unlock                        
20000214  main_func_sp                   
20000218  i16ToggleCount                 
ffffffff  __TI_pprof_out_hndl            
ffffffff  __TI_prof_data_size            
ffffffff  __TI_prof_data_start           
ffffffff  __binit__                      
ffffffff  __c_args__                     
ffffffff  binit                          
UNDEFED   SHT$$INIT_ARRAY$$Base          
UNDEFED   SHT$$INIT_ARRAY$$Limit         

[64 symbols]
