******************************************************************************
                  TI ARM Linker PC v15.12.7                    
******************************************************************************
>> Linked Sun Feb 11 14:39:19 2018

OUTPUT FILE NAME:   <blink_TM4C_CCS.out>
ENTRY POINT SYMBOL: "_c_int00"  address: 00000705


MEMORY CONFIGURATION

         name            origin    length      used     unused   attr    fill
----------------------  --------  ---------  --------  --------  ----  --------
  FLASH                 00000000   00040000  000008fa  0003f706  R  X
  SRAM                  20000000   00008000  0000021a  00007de6  RW X


SEGMENT ALLOCATION MAP

run origin  load origin   length   init length attrs members
----------  ----------- ---------- ----------- ----- -------
00000000    00000000    00000900   00000900    r-x
  00000000    00000000    0000026c   0000026c    r-- .intvecs
  0000026c    0000026c    00000666   00000666    r-x .text
  000008d8    000008d8    00000028   00000028    r-- .cinit
20000000    20000000    0000021a   00000000    rw-
  20000000    20000000    00000200   00000000    rw- .stack
  20000200    20000200    0000001a   00000000    rw- .data


SECTION ALLOCATION MAP

 output                                  attributes/
section   page    origin      length       input sections
--------  ----  ----------  ----------   ----------------
.intvecs   0    00000000    0000026c     
                  00000000    0000026c     tm4c123gh6pm_startup_ccs.obj (.intvecs)

.text      0    0000026c    00000666     
                  0000026c    00000130     driverlib.lib : gpio.obj (.text:GPIOPadConfigSet)
                  0000039c    000000f0                   : sysctl.obj (.text:SysCtlClockSet)
                  0000048c    0000009c     rtsv7M4_T_le_v4SPD16_eabi.lib : memcpy_t2.obj (.text)
                  00000528    00000084     main.obj (.text)
                  000005ac    0000007a     rtsv7M4_T_le_v4SPD16_eabi.lib : memset_t2.obj (.text)
                  00000626    00000002                                   : mpu_init.obj (.text)
                  00000628    00000070                                   : autoinit.obj (.text)
                  00000698    0000006a                                   : copy_decompress_rle.obj (.text)
                  00000702    00000002                                   : startup.obj (.text)
                  00000704    00000054                                   : boot.obj (.text)
                  00000758    00000054                                   : exit.obj (.text)
                  000007ac    0000004c                                   : cpy_tbl.obj (.text)
                  000007f8    00000034     driverlib.lib : sysctl.obj (.text:SysCtlPeripheralEnable)
                  0000082c    0000002a                   : gpio.obj (.text:GPIODirModeSet)
                  00000856    00000018                   : gpio.obj (.text:GPIOPinTypeGPIOOutput)
                  0000086e    00000002     --HOLE-- [fill = 0]
                  00000870    00000018     rtsv7M4_T_le_v4SPD16_eabi.lib : args_main.obj (.text)
                  00000888    00000014                                   : _lock.obj (.text)
                  0000089c    0000000e                                   : copy_decompress_none.obj (.text:decompress:none)
                  000008aa    0000000c     tm4c123gh6pm_startup_ccs.obj (.text)
                  000008b6    00000006     driverlib.lib : gpio.obj (.text:GPIOPinRead)
                  000008bc    00000006                   : gpio.obj (.text:GPIOPinWrite)
                  000008c2    00000006                   : sysctl.obj (.text:SysCtlDelay)
                  000008c8    00000006     rtsv7M4_T_le_v4SPD16_eabi.lib : copy_decompress_rle.obj (.text:decompress:rle24)
                  000008ce    00000004                                   : pre_init.obj (.text)

.cinit     0    000008d8    00000028     
                  000008d8    00000016     (.cinit..data.load) [load image, compression = rle]
                  000008ee    00000002     --HOLE-- [fill = 0]
                  000008f0    00000008     (__TI_handler_table)
                  000008f8    00000008     (__TI_cinit_table)

.init_array 
*          0    00000000    00000000     UNINITIALIZED

.stack     0    20000000    00000200     UNINITIALIZED
                  20000000    00000200     --HOLE--

.data      0    20000200    0000001a     UNINITIALIZED
                  20000200    0000000c     rtsv7M4_T_le_v4SPD16_eabi.lib : exit.obj (.data:$O1$$)
                  2000020c    00000008                                   : _lock.obj (.data:$O1$$)
                  20000214    00000004                                   : stkdepth_vars.obj (.data)
                  20000218    00000002     main.obj (.data)

MODULE SUMMARY

       Module                         code   ro data   rw data
       ------                         ----   -------   -------
    .\
       tm4c123gh6pm_startup_ccs.obj   12     620       0      
       main.obj                       132    0         2      
    +--+------------------------------+------+---------+---------+
       Total:                         144    620       2      
                                                              
    C:/ti/tirtos_tivac_2_16_01_14/products/TivaWare_C_Series-2.1.1.71b/driverlib/ccs/Debug/driverlib.lib
       gpio.obj                       382    0         0      
       sysctl.obj                     298    0         0      
    +--+------------------------------+------+---------+---------+
       Total:                         680    0         0      
                                                              
    C:\ti\ccsv6\tools\compiler\ti-cgt-arm_15.12.7.LTS\lib\rtsv7M4_T_le_v4SPD16_eabi.lib
       memcpy_t2.obj                  156    0         0      
       memset_t2.obj                  122    0         0      
       autoinit.obj                   112    0         0      
       copy_decompress_rle.obj        112    0         0      
       exit.obj                       84     0         12     
       boot.obj                       84     0         0      
       cpy_tbl.obj                    76     0         0      
       _lock.obj                      20     0         8      
       args_main.obj                  24     0         0      
       copy_decompress_none.obj       14     0         0      
       pre_init.obj                   4      0         0      
       stkdepth_vars.obj              0      0         4      
       mpu_init.obj                   2      0         0      
       startup.obj                    2      0         0      
    +--+------------------------------+------+---------+---------+
       Total:                         812    0         24     
                                                              
       Stack:                         0      0         512    
       Linker Generated:              0      38        0      
    +--+------------------------------+------+---------+---------+
       Grand Total:                   1636   658       538    


LINKER GENERATED COPY TABLES

__TI_cinit_table @ 000008f8 records: 1, size/record: 8, table size: 8
	.data: load addr=000008d8, load size=00000016 bytes, run addr=20000200, run size=0000001a bytes, compression=rle


LINKER GENERATED HANDLER TABLE

__TI_handler_table @ 000008f0 records: 2, size/record: 4, table size: 8
	index: 0, handler: __TI_decompress_rle24
	index: 1, handler: __TI_decompress_none


GLOBAL SYMBOLS: SORTED ALPHABETICALLY BY Name 

address   name                           
-------   ----                           
00000759  C$$EXIT                        
0000082d  GPIODirModeSet                 
0000026d  GPIOPadConfigSet               
000008b7  GPIOPinRead                    
00000857  GPIOPinTypeGPIOOutput          
000008bd  GPIOPinWrite                   
000008ab  ResetISR                       
UNDEFED   SHT$$INIT_ARRAY$$Base          
UNDEFED   SHT$$INIT_ARRAY$$Limit         
0000039d  SysCtlClockSet                 
000008c3  SysCtlDelay                    
000007f9  SysCtlPeripheralEnable         
20000200  __STACK_END                    
00000200  __STACK_SIZE                   
20000200  __STACK_TOP                    
000008f8  __TI_CINIT_Base                
00000900  __TI_CINIT_Limit               
000008f0  __TI_Handler_Table_Base        
000008f8  __TI_Handler_Table_Limit       
00000629  __TI_auto_init                 
20000200  __TI_cleanup_ptr               
0000089d  __TI_decompress_none           
000008c9  __TI_decompress_rle24          
20000204  __TI_dtors_ptr                 
20000208  __TI_enable_exit_profile_output
ffffffff  __TI_pprof_out_hndl            
ffffffff  __TI_prof_data_size            
ffffffff  __TI_prof_data_start           
00000000  __TI_static_base__             
000005ad  __aeabi_memclr                 
000005ad  __aeabi_memclr4                
000005ad  __aeabi_memclr8                
0000048d  __aeabi_memcpy                 
0000048d  __aeabi_memcpy4                
0000048d  __aeabi_memcpy8                
000005af  __aeabi_memset                 
000005af  __aeabi_memset4                
000005af  __aeabi_memset8                
ffffffff  __binit__                      
ffffffff  __c_args__                     
00000627  __mpu_init                     
20000000  __stack                        
00000871  _args_main                     
00000705  _c_int00                       
2000020c  _lock                          
00000897  _nop                           
0000088f  _register_lock                 
00000889  _register_unlock               
00000703  _system_post_cinit             
000008cf  _system_pre_init               
20000210  _unlock                        
0000075d  abort                          
ffffffff  binit                          
000007ad  copy_in                        
0000058d  delay                          
00000765  exit                           
00000000  g_pfnVectors                   
00000547  hardware_init                  
20000218  i16ToggleCount                 
00000569  ledToggle                      
00000529  main                           
20000214  main_func_sp                   
0000048d  memcpy                         
000005b5  memset                         


GLOBAL SYMBOLS: SORTED BY Symbol Address 

address   name                           
-------   ----                           
00000000  __TI_static_base__             
00000000  g_pfnVectors                   
00000200  __STACK_SIZE                   
0000026d  GPIOPadConfigSet               
0000039d  SysCtlClockSet                 
0000048d  __aeabi_memcpy                 
0000048d  __aeabi_memcpy4                
0000048d  __aeabi_memcpy8                
0000048d  memcpy                         
00000529  main                           
00000547  hardware_init                  
00000569  ledToggle                      
0000058d  delay                          
000005ad  __aeabi_memclr                 
000005ad  __aeabi_memclr4                
000005ad  __aeabi_memclr8                
000005af  __aeabi_memset                 
000005af  __aeabi_memset4                
000005af  __aeabi_memset8                
000005b5  memset                         
00000627  __mpu_init                     
00000629  __TI_auto_init                 
00000703  _system_post_cinit             
00000705  _c_int00                       
00000759  C$$EXIT                        
0000075d  abort                          
00000765  exit                           
000007ad  copy_in                        
000007f9  SysCtlPeripheralEnable         
0000082d  GPIODirModeSet                 
00000857  GPIOPinTypeGPIOOutput          
00000871  _args_main                     
00000889  _register_unlock               
0000088f  _register_lock                 
00000897  _nop                           
0000089d  __TI_decompress_none           
000008ab  ResetISR                       
000008b7  GPIOPinRead                    
000008bd  GPIOPinWrite                   
000008c3  SysCtlDelay                    
000008c9  __TI_decompress_rle24          
000008cf  _system_pre_init               
000008f0  __TI_Handler_Table_Base        
000008f8  __TI_CINIT_Base                
000008f8  __TI_Handler_Table_Limit       
00000900  __TI_CINIT_Limit               
20000000  __stack                        
20000200  __STACK_END                    
20000200  __STACK_TOP                    
20000200  __TI_cleanup_ptr               
20000204  __TI_dtors_ptr                 
20000208  __TI_enable_exit_profile_output
2000020c  _lock                          
20000210  _unlock                        
20000214  main_func_sp                   
20000218  i16ToggleCount                 
ffffffff  __TI_pprof_out_hndl            
ffffffff  __TI_prof_data_size            
ffffffff  __TI_prof_data_start           
ffffffff  __binit__                      
ffffffff  __c_args__                     
ffffffff  binit                          
UNDEFED   SHT$$INIT_ARRAY$$Base          
UNDEFED   SHT$$INIT_ARRAY$$Limit         

[64 symbols]
